Archive member included because of file (symbol)

/usr/bin/../lib/gcc/arm-none-eabi/4.9.3/armv6-m/libgcc.a(_udivsi3.o)
                              ./system/src/stm32f0xx/stm32f0xx_hal.o (__aeabi_uidiv)
/usr/bin/../lib/gcc/arm-none-eabi/4.9.3/armv6-m/libgcc.a(_dvmd_tls.o)
                              /usr/bin/../lib/gcc/arm-none-eabi/4.9.3/armv6-m/libgcc.a(_udivsi3.o) (__aeabi_idiv0)
/usr/bin/../lib/gcc/arm-none-eabi/4.9.3/armv6-m/libgcc.a(_lshrdi3.o)
                              ./system/src/stm32f0xx/stm32f0xx_hal_flash.o (__aeabi_llsr)
/usr/bin/../lib/gcc/arm-none-eabi/4.9.3/../../../../arm-none-eabi/lib/armv6-m/libg_nano.a(lib_a-errno.o)
                              ./system/src/newlib/_sbrk.o (__errno)
/usr/bin/../lib/gcc/arm-none-eabi/4.9.3/../../../../arm-none-eabi/lib/armv6-m/libg_nano.a(lib_a-impure.o)
                              /usr/bin/../lib/gcc/arm-none-eabi/4.9.3/../../../../arm-none-eabi/lib/armv6-m/libg_nano.a(lib_a-errno.o) (_impure_ptr)
/usr/bin/../lib/gcc/arm-none-eabi/4.9.3/../../../../arm-none-eabi/lib/armv6-m/libg_nano.a(lib_a-init.o)
                              ./system/src/cmsis/startup_stm32f030x6.o (__libc_init_array)
/usr/bin/../lib/gcc/arm-none-eabi/4.9.3/../../../../arm-none-eabi/lib/armv6-m/libg_nano.a(lib_a-memcpy.o)
                              ./system/src/stm32f0xx/stm32f0xx_hal_rcc.o (memcpy)
/usr/bin/../lib/gcc/arm-none-eabi/4.9.3/../../../../arm-none-eabi/lib/armv6-m/libg_nano.a(lib_a-memset.o)
                              ./system/src/stm32f0xx/stm32f0xx_hal_rcc.o (memset)

Allocating common symbols
Common symbol       size              file

errno               0x4               ./system/src/newlib/_syscalls.o
pFlash              0x20              ./system/src/stm32f0xx/stm32f0xx_hal_flash.o
hrtc                0x20              ./src/rtc.o
hspi1               0x64              ./src/spi.o
currentDate         0x4               ./src/main.o
currentTime         0x14              ./src/main.o

Discarded input sections

 .text          0x0000000000000000        0x0 ./system/src/stm32f0xx/stm32f0xx_hal.o
 .data          0x0000000000000000        0x0 ./system/src/stm32f0xx/stm32f0xx_hal.o
 .bss           0x0000000000000000        0x0 ./system/src/stm32f0xx/stm32f0xx_hal.o
 .text.HAL_MspInit
                0x0000000000000000        0x2 ./system/src/stm32f0xx/stm32f0xx_hal.o
 .text.HAL_MspDeInit
                0x0000000000000000        0x2 ./system/src/stm32f0xx/stm32f0xx_hal.o
 .text.HAL_DeInit
                0x0000000000000000       0x24 ./system/src/stm32f0xx/stm32f0xx_hal.o
 .text.HAL_Delay
                0x0000000000000000       0x18 ./system/src/stm32f0xx/stm32f0xx_hal.o
 .text.HAL_GetHalVersion
                0x0000000000000000        0x8 ./system/src/stm32f0xx/stm32f0xx_hal.o
 .text.HAL_GetREVID
                0x0000000000000000        0xc ./system/src/stm32f0xx/stm32f0xx_hal.o
 .text.HAL_GetDEVID
                0x0000000000000000       0x10 ./system/src/stm32f0xx/stm32f0xx_hal.o
 .text.HAL_DBGMCU_EnableDBGStopMode
                0x0000000000000000       0x10 ./system/src/stm32f0xx/stm32f0xx_hal.o
 .text.HAL_DBGMCU_DisableDBGStopMode
                0x0000000000000000       0x10 ./system/src/stm32f0xx/stm32f0xx_hal.o
 .text.HAL_DBGMCU_EnableDBGStandbyMode
                0x0000000000000000       0x10 ./system/src/stm32f0xx/stm32f0xx_hal.o
 .text.HAL_DBGMCU_DisableDBGStandbyMode
                0x0000000000000000       0x10 ./system/src/stm32f0xx/stm32f0xx_hal.o
 .text          0x0000000000000000        0x0 ./system/src/stm32f0xx/stm32f0xx_hal_adc.o
 .data          0x0000000000000000        0x0 ./system/src/stm32f0xx/stm32f0xx_hal_adc.o
 .bss           0x0000000000000000        0x0 ./system/src/stm32f0xx/stm32f0xx_hal_adc.o
 .debug_info    0x0000000000000000       0x79 ./system/src/stm32f0xx/stm32f0xx_hal_adc.o
 .debug_abbrev  0x0000000000000000       0x26 ./system/src/stm32f0xx/stm32f0xx_hal_adc.o
 .debug_aranges
                0x0000000000000000       0x18 ./system/src/stm32f0xx/stm32f0xx_hal_adc.o
 .debug_line    0x0000000000000000       0x1d ./system/src/stm32f0xx/stm32f0xx_hal_adc.o
 .debug_str     0x0000000000000000      0x1b8 ./system/src/stm32f0xx/stm32f0xx_hal_adc.o
 .comment       0x0000000000000000       0x71 ./system/src/stm32f0xx/stm32f0xx_hal_adc.o
 .ARM.attributes
                0x0000000000000000       0x31 ./system/src/stm32f0xx/stm32f0xx_hal_adc.o
 .text          0x0000000000000000        0x0 ./system/src/stm32f0xx/stm32f0xx_hal_adc_ex.o
 .data          0x0000000000000000        0x0 ./system/src/stm32f0xx/stm32f0xx_hal_adc_ex.o
 .bss           0x0000000000000000        0x0 ./system/src/stm32f0xx/stm32f0xx_hal_adc_ex.o
 .debug_info    0x0000000000000000       0x79 ./system/src/stm32f0xx/stm32f0xx_hal_adc_ex.o
 .debug_abbrev  0x0000000000000000       0x26 ./system/src/stm32f0xx/stm32f0xx_hal_adc_ex.o
 .debug_aranges
                0x0000000000000000       0x18 ./system/src/stm32f0xx/stm32f0xx_hal_adc_ex.o
[...]
Memory Configuration

Name             Origin             Length             Attributes
FLASH            0x0000000008000000 0x0000000000004000 xr
RAM              0x0000000020000000 0x0000000000001000 xrw
CCMRAM           0x0000000010000000 0x0000000000000000 xrw
FLASHB1          0x0000000000000000 0x0000000000000000 xr
EXTMEMB0         0x0000000000000000 0x0000000000000000 xr
EXTMEMB1         0x0000000000000000 0x0000000000000000 xr
EXTMEMB2         0x0000000000000000 0x0000000000000000 xr
EXTMEMB3         0x0000000000000000 0x0000000000000000 xr
*default*        0x0000000000000000 0xffffffffffffffff

Linker script and memory map

LOAD ./system/src/stm32f0xx/stm32f0xx_hal.o
LOAD ./system/src/stm32f0xx/stm32f0xx_hal_adc.o
LOAD ./system/src/stm32f0xx/stm32f0xx_hal_adc_ex.o
LOAD ./system/src/stm32f0xx/stm32f0xx_hal_can.o
LOAD ./system/src/stm32f0xx/stm32f0xx_hal_cec.o
LOAD ./system/src/stm32f0xx/stm32f0xx_hal_comp.o
LOAD ./system/src/stm32f0xx/stm32f0xx_hal_cortex.o
LOAD ./system/src/stm32f0xx/stm32f0xx_hal_crc.o
LOAD ./system/src/stm32f0xx/stm32f0xx_hal_crc_ex.o
LOAD ./system/src/stm32f0xx/stm32f0xx_hal_dac.o
LOAD ./system/src/stm32f0xx/stm32f0xx_hal_dac_ex.o
LOAD ./system/src/stm32f0xx/stm32f0xx_hal_dma.o
LOAD ./system/src/stm32f0xx/stm32f0xx_hal_flash.o
LOAD ./system/src/stm32f0xx/stm32f0xx_hal_flash_ex.o
LOAD ./system/src/stm32f0xx/stm32f0xx_hal_gpio.o
LOAD ./system/src/stm32f0xx/stm32f0xx_hal_i2c.o
LOAD ./system/src/stm32f0xx/stm32f0xx_hal_i2c_ex.o
LOAD ./system/src/stm32f0xx/stm32f0xx_hal_i2s.o
LOAD ./system/src/stm32f0xx/stm32f0xx_hal_irda.o
LOAD ./system/src/stm32f0xx/stm32f0xx_hal_iwdg.o
LOAD ./system/src/stm32f0xx/stm32f0xx_hal_pcd.o
LOAD ./system/src/stm32f0xx/stm32f0xx_hal_pcd_ex.o
LOAD ./system/src/stm32f0xx/stm32f0xx_hal_pwr.o
LOAD ./system/src/stm32f0xx/stm32f0xx_hal_pwr_ex.o
LOAD ./system/src/stm32f0xx/stm32f0xx_hal_rcc.o
LOAD ./system/src/stm32f0xx/stm32f0xx_hal_rcc_ex.o
LOAD ./system/src/stm32f0xx/stm32f0xx_hal_rtc.o
LOAD ./system/src/stm32f0xx/stm32f0xx_hal_rtc_ex.o
LOAD ./system/src/stm32f0xx/stm32f0xx_hal_smartcard.o
LOAD ./system/src/stm32f0xx/stm32f0xx_hal_smartcard_ex.o
LOAD ./system/src/stm32f0xx/stm32f0xx_hal_smbus.o
LOAD ./system/src/stm32f0xx/stm32f0xx_hal_spi.o
LOAD ./system/src/stm32f0xx/stm32f0xx_hal_spi_ex.o
LOAD ./system/src/stm32f0xx/stm32f0xx_hal_tim.o
LOAD ./system/src/stm32f0xx/stm32f0xx_hal_tim_ex.o
LOAD ./system/src/stm32f0xx/stm32f0xx_hal_tsc.o
LOAD ./system/src/stm32f0xx/stm32f0xx_hal_uart.o
LOAD ./system/src/stm32f0xx/stm32f0xx_hal_uart_ex.o
LOAD ./system/src/stm32f0xx/stm32f0xx_hal_usart.o
LOAD ./system/src/stm32f0xx/stm32f0xx_hal_wwdg.o
LOAD ./system/src/newlib/_cxx.o
LOAD ./system/src/newlib/_exit.o
LOAD ./system/src/newlib/_sbrk.o
LOAD ./system/src/newlib/_startup.o
LOAD ./system/src/newlib/_syscalls.o
LOAD ./system/src/newlib/assert.o
LOAD ./system/src/diag/Trace.o
LOAD ./system/src/diag/trace_impl.o
LOAD ./system/src/cortexm/_initialize_hardware.o
LOAD ./system/src/cortexm/_reset_hardware.o
LOAD ./system/src/cortexm/exception_handlers.o
LOAD ./system/src/cmsis/startup_stm32f030x6.o
LOAD ./system/src/cmsis/system_stm32f0xx.o
LOAD ./src/gpio.o
LOAD ./src/main.o
LOAD ./src/rtc.o
LOAD ./src/spi.o
LOAD ./src/stm32f0xx_hal_msp.o
LOAD ./src/stm32f0xx_it.o
LOAD /usr/bin/../lib/gcc/arm-none-eabi/4.9.3/../../../../arm-none-eabi/lib/armv6-m/libstdc++_nano.a
LOAD /usr/bin/../lib/gcc/arm-none-eabi/4.9.3/../../../../arm-none-eabi/lib/armv6-m/libm.a
START GROUP
LOAD /usr/bin/../lib/gcc/arm-none-eabi/4.9.3/armv6-m/libgcc.a
LOAD /usr/bin/../lib/gcc/arm-none-eabi/4.9.3/../../../../arm-none-eabi/lib/armv6-m/libg_nano.a
LOAD /usr/bin/../lib/gcc/arm-none-eabi/4.9.3/../../../../arm-none-eabi/lib/armv6-m/libc_nano.a
END GROUP
START GROUP
LOAD /usr/bin/../lib/gcc/arm-none-eabi/4.9.3/armv6-m/libgcc.a
LOAD /usr/bin/../lib/gcc/arm-none-eabi/4.9.3/../../../../arm-none-eabi/lib/armv6-m/libc_nano.a
END GROUP
                0x0000000020001000                __stack = (ORIGIN (RAM) + 0x1000)
                0x0000000020001000                _estack = __stack
                0x0000000000000400                __Main_Stack_Size = 0x400
                0x0000000000000400                PROVIDE (_Main_Stack_Size, __Main_Stack_Size)
                0x0000000020000c00                __Main_Stack_Limit = (__stack - __Main_Stack_Size)
                0x0000000020000c00                PROVIDE (_Main_Stack_Limit, __Main_Stack_Limit)
                0x0000000000000100                _Minimum_Stack_Size = 0x100
                0x00000000200000cc                PROVIDE (_Heap_Begin, _end_noinit)
                0x0000000020000c00                PROVIDE (_Heap_Limit, (__stack - __Main_Stack_Size))

.isr_vector     0x0000000008000000      0x1b0
 FILL mask 0xff
                0x0000000008000000                __vectors_start = ABSOLUTE (.)
                0x0000000008000000                __vectors_start__ = ABSOLUTE (.)
 *(.isr_vector)
 .isr_vector    0x0000000008000000       0xc0 ./system/src/cmsis/startup_stm32f030x6.o
                0x0000000008000000                g_pfnVectors
 *(.cfmconfig)
 *(.after_vectors .after_vectors.*)
 .after_vectors
                0x00000000080000c0       0xc0 ./system/src/newlib/_startup.o
                0x00000000080000c0                _start
 .after_vectors
                0x0000000008000180       0x30 ./system/src/cortexm/exception_handlers.o
                0x0000000008000180                Reset_Handler
                0x0000000008000184                NMI_Handler
                0x0000000008000186                HardFault_Handler
                0x000000000800019e                HardFault_Handler_C
                0x00000000080001a0                SVC_Handler
                0x00000000080001a2                PendSV_Handler

.inits          0x00000000080001b0       0x28
                0x00000000080001b0                __data_regions_array_start = .
                0x00000000080001b0        0x4 LONG 0x8001ac4 LOADADDR (.data)
                0x00000000080001b4        0x4 LONG 0x20000000 ADDR (.data)
                0x00000000080001b8        0x4 LONG 0x20000014 (ADDR (.data) + SIZEOF (.data))
                0x00000000080001bc        0x4 LONG 0x8001ac4 LOADADDR (.data_CCMRAM)
                0x00000000080001c0        0x4 LONG 0x10000000 ADDR (.data_CCMRAM)
                0x00000000080001c4        0x4 LONG 0x10000000 (ADDR (.data_CCMRAM) + SIZEOF (.data_CCMRAM))
                0x00000000080001c8                __data_regions_array_end = .
                0x00000000080001c8                __bss_regions_array_start = .
                0x00000000080001c8        0x4 LONG 0x20000014 ADDR (.bss)
                0x00000000080001cc        0x4 LONG 0x200000cc (ADDR (.bss) + SIZEOF (.bss))
                0x00000000080001d0        0x4 LONG 0x10000000 ADDR (.bss_CCMRAM)
                0x00000000080001d4        0x4 LONG 0x10000000 (ADDR (.bss_CCMRAM) + SIZEOF (.bss_CCMRAM))
                0x00000000080001d8                __bss_regions_array_end = .
 *(.init)
 *(.fini)
                0x00000000080001d8                . = ALIGN (0x4)
                0x00000000080001d8                PROVIDE (__preinit_array_start, .)
 *(.preinit_array_sysinit .preinit_array_sysinit.*)
 *(.preinit_array_platform .preinit_array_platform.*)
 *(.preinit_array .preinit_array.*)
                0x00000000080001d8                PROVIDE (__preinit_array_end, .)
                0x00000000080001d8                . = ALIGN (0x4)
                0x00000000080001d8                PROVIDE (__init_array_start, .)
 *(SORT(.init_array.*))
 *(.init_array)
                0x00000000080001d8                PROVIDE (__init_array_end, .)
                0x00000000080001d8                . = ALIGN (0x4)
                0x00000000080001d8                PROVIDE (__fini_array_start, .)
 *(SORT(.fini_array.*))
 *(.fini_array)
                0x00000000080001d8                PROVIDE (__fini_array_end, .)

.flashtext
 *(.flashtext .flashtext.*)

.text           0x00000000080001d8     0x18ea
 *(.text .text.*)
 .text.HAL_InitTick
                0x00000000080001d8       0x24 ./system/src/stm32f0xx/stm32f0xx_hal.o
                0x00000000080001d8                HAL_InitTick
 .text.HAL_Init
                0x00000000080001fc       0x20 ./system/src/stm32f0xx/stm32f0xx_hal.o
                0x00000000080001fc                HAL_Init
 .text.HAL_IncTick
                0x000000000800021c       0x10 ./system/src/stm32f0xx/stm32f0xx_hal.o
                0x000000000800021c                HAL_IncTick
 .text.HAL_GetTick
                0x000000000800022c        0xc ./system/src/stm32f0xx/stm32f0xx_hal.o
                0x000000000800022c                HAL_GetTick
 .text.HAL_SuspendTick
                0x0000000008000238       0x10 ./system/src/stm32f0xx/stm32f0xx_hal.o
                0x0000000008000238                HAL_SuspendTick
 .text.HAL_ResumeTick
                0x0000000008000248       0x10 ./system/src/stm32f0xx/stm32f0xx_hal.o
                0x0000000008000248                HAL_ResumeTick
 .text.HAL_NVIC_SetPriority
                0x0000000008000258       0x64 ./system/src/stm32f0xx/stm32f0xx_hal_cortex.o
                0x0000000008000258                HAL_NVIC_SetPriority
 .text.HAL_NVIC_EnableIRQ
                0x00000000080002bc       0x14 ./system/src/stm32f0xx/stm32f0xx_hal_cortex.o
                0x00000000080002bc                HAL_NVIC_EnableIRQ
 .text.HAL_SYSTICK_Config
                0x00000000080002d0       0x34 ./system/src/stm32f0xx/stm32f0xx_hal_cortex.o
                0x00000000080002d0                HAL_SYSTICK_Config
 .text.HAL_SYSTICK_CLKSourceConfig
                0x0000000008000304       0x1c ./system/src/stm32f0xx/stm32f0xx_hal_cortex.o
                0x0000000008000304                HAL_SYSTICK_CLKSourceConfig
 .text.HAL_SYSTICK_Callback
                0x0000000008000320        0x2 ./system/src/stm32f0xx/stm32f0xx_hal_cortex.o
                0x0000000008000320                HAL_SYSTICK_Callback
 .text.HAL_SYSTICK_IRQHandler
                0x0000000008000322        0x8 ./system/src/stm32f0xx/stm32f0xx_hal_cortex.o
                0x0000000008000322                HAL_SYSTICK_IRQHandler
 *fill*         0x000000000800032a        0x2 
 .text.HAL_GPIO_Init
                0x000000000800032c      0x15c ./system/src/stm32f0xx/stm32f0xx_hal_gpio.o
                0x000000000800032c                HAL_GPIO_Init
 .text.HAL_GPIO_ReadPin
                0x0000000008000488        0xc ./system/src/stm32f0xx/stm32f0xx_hal_gpio.o
                0x0000000008000488                HAL_GPIO_ReadPin
 .text.HAL_GPIO_WritePin
                0x0000000008000494        0xc ./system/src/stm32f0xx/stm32f0xx_hal_gpio.o
                0x0000000008000494                HAL_GPIO_WritePin
 .text.HAL_GPIO_EXTI_IRQHandler
                0x00000000080004a0       0x18 ./system/src/stm32f0xx/stm32f0xx_hal_gpio.o
                0x00000000080004a0                HAL_GPIO_EXTI_IRQHandler
 .text.HAL_PWR_EnterSTOPMode
                0x00000000080004b8       0x38 ./system/src/stm32f0xx/stm32f0xx_hal_pwr.o
                0x00000000080004b8                HAL_PWR_EnterSTOPMode
 .text.HAL_RCC_OscConfig
                0x00000000080004f0      0x3e8 ./system/src/stm32f0xx/stm32f0xx_hal_rcc.o
                0x00000000080004f0                HAL_RCC_OscConfig
 .text.HAL_RCC_ClockConfig
                0x00000000080008d8      0x10c ./system/src/stm32f0xx/stm32f0xx_hal_rcc.o
                0x00000000080008d8                HAL_RCC_ClockConfig
 .text.HAL_RCC_GetSysClockFreq
                0x00000000080009e4       0x64 ./system/src/stm32f0xx/stm32f0xx_hal_rcc.o
                0x00000000080009e4                HAL_RCC_GetSysClockFreq
 .text.HAL_RCC_GetHCLKFreq
                0x0000000008000a48       0x28 ./system/src/stm32f0xx/stm32f0xx_hal_rcc.o
                0x0000000008000a48                HAL_RCC_GetHCLKFreq
 .text.HAL_RCCEx_PeriphCLKConfig
                0x0000000008000a70       0xd8 ./system/src/stm32f0xx/stm32f0xx_hal_rcc_ex.o
                0x0000000008000a70                HAL_RCCEx_PeriphCLKConfig
 .text.HAL_RTC_WaitForSynchro
                0x0000000008000b48       0x32 ./system/src/stm32f0xx/stm32f0xx_hal_rtc.o
                0x0000000008000b48                HAL_RTC_WaitForSynchro
 .text.RTC_EnterInitMode
                0x0000000008000b7a       0x36 ./system/src/stm32f0xx/stm32f0xx_hal_rtc.o
                0x0000000008000b7a                RTC_EnterInitMode
 .text.HAL_RTC_Init
                0x0000000008000bb0       0x90 ./system/src/stm32f0xx/stm32f0xx_hal_rtc.o
                0x0000000008000bb0                HAL_RTC_Init
 .text.RTC_ByteToBcd2
                0x0000000008000c40       0x16 ./system/src/stm32f0xx/stm32f0xx_hal_rtc.o
                0x0000000008000c40                RTC_ByteToBcd2
 *fill*         0x0000000008000c56        0x2 
 .text.HAL_RTC_SetTime
                0x0000000008000c58       0xe8 ./system/src/stm32f0xx/stm32f0xx_hal_rtc.o
                0x0000000008000c58                HAL_RTC_SetTime
 .text.HAL_RTC_SetDate
                0x0000000008000d40       0xcc ./system/src/stm32f0xx/stm32f0xx_hal_rtc.o
                0x0000000008000d40                HAL_RTC_SetDate
 .text.RTC_Bcd2ToByte
                0x0000000008000e0c       0x10 ./system/src/stm32f0xx/stm32f0xx_hal_rtc.o
                0x0000000008000e0c                RTC_Bcd2ToByte
 .text.HAL_RTC_GetTime
                0x0000000008000e1c       0x4e ./system/src/stm32f0xx/stm32f0xx_hal_rtc.o
                0x0000000008000e1c                HAL_RTC_GetTime
 .text.HAL_RTC_GetDate
                0x0000000008000e6a       0x3e ./system/src/stm32f0xx/stm32f0xx_hal_rtc.o
                0x0000000008000e6a                HAL_RTC_GetDate
 .text.SPI_WaitFifoStateUntilTimeout
                0x0000000008000ea8       0xac ./system/src/stm32f0xx/stm32f0xx_hal_spi.o
 .text.SPI_WaitFlagStateUntilTimeout
                0x0000000008000f54       0x94 ./system/src/stm32f0xx/stm32f0xx_hal_spi.o
 .text.SPI_EndRxTxTransaction
                0x0000000008000fe8       0x30 ./system/src/stm32f0xx/stm32f0xx_hal_spi.o
 .text.HAL_SPI_Init
                0x0000000008001018       0xcc ./system/src/stm32f0xx/stm32f0xx_hal_spi.o
                0x0000000008001018                HAL_SPI_Init
 .text.HAL_SPI_Transmit
                0x00000000080010e4      0x17c ./system/src/stm32f0xx/stm32f0xx_hal_spi.o
                0x00000000080010e4                HAL_SPI_Transmit
 .text._exit    0x0000000008001260        0x6 ./system/src/newlib/_exit.o
                0x0000000008001260                _exit
 *fill*         0x0000000008001266        0x2 
 .text.__initialize_args
                0x0000000008001268       0x10 ./system/src/newlib/_syscalls.o
                0x0000000008001268                __initialize_args
 .text.__initialize_hardware_early
                0x0000000008001278        0x8 ./system/src/cortexm/_initialize_hardware.o
                0x0000000008001278                __initialize_hardware_early
 .text.__initialize_hardware
                0x0000000008001280        0x8 ./system/src/cortexm/_initialize_hardware.o
                0x0000000008001280                __initialize_hardware
 .text.__reset_hardware
                0x0000000008001288       0x1c ./system/src/cortexm/_reset_hardware.o
                0x0000000008001288                __reset_hardware
 .text.Default_Handler
                0x00000000080012a4        0x2 ./system/src/cmsis/startup_stm32f030x6.o
                0x00000000080012a4                TIM1_CC_IRQHandler
                0x00000000080012a4                I2C1_IRQHandler
                0x00000000080012a4                SPI1_IRQHandler
                0x00000000080012a4                EXTI2_3_IRQHandler
                0x00000000080012a4                ADC1_IRQHandler
                0x00000000080012a4                TIM17_IRQHandler
                0x00000000080012a4                RTC_IRQHandler
                0x00000000080012a4                TIM16_IRQHandler
                0x00000000080012a4                TIM3_IRQHandler
                0x00000000080012a4                EXTI4_15_IRQHandler
                0x00000000080012a4                RCC_IRQHandler
                0x00000000080012a4                DMA1_Channel1_IRQHandler
                0x00000000080012a4                Default_Handler
                0x00000000080012a4                TIM14_IRQHandler
                0x00000000080012a4                DMA1_Channel4_5_IRQHandler
                0x00000000080012a4                WWDG_IRQHandler
                0x00000000080012a4                DMA1_Channel2_3_IRQHandler
                0x00000000080012a4                FLASH_IRQHandler
                0x00000000080012a4                USART1_IRQHandler
                0x00000000080012a4                TIM1_BRK_UP_TRG_COM_IRQHandler
 *fill*         0x00000000080012a6        0x2 
 .text.SystemInit
                0x00000000080012a8       0x60 ./system/src/cmsis/system_stm32f0xx.o
                0x00000000080012a8                SystemInit
 .text.SystemCoreClockUpdate
                0x0000000008001308       0x64 ./system/src/cmsis/system_stm32f0xx.o
                0x0000000008001308                SystemCoreClockUpdate
 .text.MX_GPIO_Init
                0x000000000800136c       0xc8 ./src/gpio.o
                0x000000000800136c                MX_GPIO_Init
 .text.displaySegmentData
                0x0000000008001434       0x48 ./src/main.o
 .text.SystemClock_Config
                0x000000000800147c       0x72 ./src/main.o
                0x000000000800147c                SystemClock_Config
 *fill*         0x00000000080014ee        0x2 
 .text.getCurrentDateTime
                0x00000000080014f0       0x20 ./src/main.o
                0x00000000080014f0                getCurrentDateTime
 .text.HAL_GPIO_EXTI_Callback
                0x0000000008001510       0x10 ./src/main.o
                0x0000000008001510                HAL_GPIO_EXTI_Callback
 .text.startup.main
                0x0000000008001520      0x2d8 ./src/main.o
                0x0000000008001520                main
 .text.MX_RTC_Init
                0x00000000080017f8       0x58 ./src/rtc.o
                0x00000000080017f8                MX_RTC_Init
 .text.HAL_RTC_MspInit
                0x0000000008001850       0x20 ./src/rtc.o
                0x0000000008001850                HAL_RTC_MspInit
 .text.MX_SPI1_Init
                0x0000000008001870       0x48 ./src/spi.o
                0x0000000008001870                MX_SPI1_Init
 .text.HAL_SPI_MspInit
                0x00000000080018b8       0x48 ./src/spi.o
                0x00000000080018b8                HAL_SPI_MspInit
 .text.HAL_MspInit
                0x0000000008001900       0x28 ./src/stm32f0xx_hal_msp.o
                0x0000000008001900                HAL_MspInit
 .text.SysTick_Handler
                0x0000000008001928        0xc ./src/stm32f0xx_it.o
                0x0000000008001928                SysTick_Handler
 .text.EXTI0_1_IRQHandler
                0x0000000008001934        0xa ./src/stm32f0xx_it.o
                0x0000000008001934                EXTI0_1_IRQHandler
 *fill*         0x000000000800193e        0x2 
 .text          0x0000000008001940      0x120 /usr/bin/../lib/gcc/arm-none-eabi/4.9.3/armv6-m/libgcc.a(_udivsi3.o)
                0x0000000008001940                __udivsi3
                0x0000000008001940                __aeabi_uidiv
                0x0000000008001a4c                __aeabi_uidivmod
 .text          0x0000000008001a60        0x4 /usr/bin/../lib/gcc/arm-none-eabi/4.9.3/armv6-m/libgcc.a(_dvmd_tls.o)
                0x0000000008001a60                __aeabi_ldiv0
                0x0000000008001a60                __aeabi_idiv0
 .text.memcpy   0x0000000008001a64       0x12 /usr/bin/../lib/gcc/arm-none-eabi/4.9.3/../../../../arm-none-eabi/lib/armv6-m/libg_nano.a(lib_a-memcpy.o)
                0x0000000008001a64                memcpy
 *(.rodata .rodata.* .constdata .constdata.*)
 .rodata        0x0000000008001a76       0x20 ./system/src/stm32f0xx/stm32f0xx_hal_rcc.o
 .rodata.aAPBAHBPrescTable
                0x0000000008001a96       0x10 ./system/src/stm32f0xx/stm32f0xx_hal_rcc.o
                0x0000000008001a96                aAPBAHBPrescTable
 .rodata.AHBPrescTable
                0x0000000008001aa6       0x10 ./system/src/cmsis/system_stm32f0xx.o
                0x0000000008001aa6                AHBPrescTable
 .rodata.SEGMENT_DATA
                0x0000000008001ab6        0xc ./src/main.o
 *(vtable)
 *(.eh_frame*)
 *(.glue_7)
 .glue_7        0x0000000000000000        0x0 linker stubs
 *(.glue_7t)
 .glue_7t       0x0000000000000000        0x0 linker stubs

.vfp11_veneer   0x0000000008001ac4        0x0
 .vfp11_veneer  0x0000000000000000        0x0 linker stubs

.v4_bx          0x0000000008001ac4        0x0
 .v4_bx         0x0000000000000000        0x0 linker stubs

.iplt           0x0000000008001ac4        0x0
 .iplt          0x0000000000000000        0x0 ./system/src/stm32f0xx/stm32f0xx_hal.o

.rel.dyn        0x0000000008001ac4        0x0
 .rel.iplt      0x0000000000000000        0x0 ./system/src/stm32f0xx/stm32f0xx_hal.o

.ARM.extab
 *(.ARM.extab* .gnu.linkonce.armextab.*)
                0x0000000008001ac4                . = ALIGN (0x4)
                0x0000000008001ac4                __exidx_start = .

.ARM.exidx
 *(.ARM.exidx* .gnu.linkonce.armexidx.*)
                0x0000000008001ac4                __exidx_end = .
                0x0000000008001ac4                . = ALIGN (0x4)
                0x0000000008001ac4                _etext = .
                0x0000000008001ac4                __etext = .

.data_CCMRAM    0x0000000010000000        0x0 load address 0x0000000008001ac4
 FILL mask 0xff
 *(.data.CCMRAM .data.CCMRAM.*)
                0x0000000010000000                . = ALIGN (0x4)
                0x0000000008001ac4                _sidata = LOADADDR (.data)

.data           0x0000000020000000       0x14 load address 0x0000000008001ac4
 FILL mask 0xff
                0x0000000020000000                _sdata = .
                0x0000000020000000                __data_start__ = .
 *(.data_begin .data_begin.*)
 *(.data .data.*)
 .data.argv.4161
                0x0000000020000000        0x8 ./system/src/newlib/_syscalls.o
 .data.SystemCoreClock
                0x0000000020000008        0x4 ./system/src/cmsis/system_stm32f0xx.o
                0x0000000020000008                SystemCoreClock
 .data.keyEvent
                0x000000002000000c        0x8 ./src/main.o
 *(.data_end .data_end.*)
                0x0000000020000014                . = ALIGN (0x4)
                0x0000000020000014                _edata = .
                0x0000000020000014                __data_end__ = .

.igot.plt       0x0000000020000014        0x0 load address 0x0000000008001ad8
 .igot.plt      0x0000000000000000        0x0 ./system/src/stm32f0xx/stm32f0xx_hal.o

.bss_CCMRAM     0x0000000010000000        0x0
 *(.bss.CCMRAM .bss.CCMRAM.*)

.bss            0x0000000020000014       0xb8
                0x0000000020000014                __bss_start__ = .
                0x0000000020000014                _sbss = .
 *(.bss_begin .bss_begin.*)
 *(.bss .bss.*)
 .bss.uwTick    0x0000000020000014        0x4 ./system/src/stm32f0xx/stm32f0xx_hal.o
 .bss.name.4160
                0x0000000020000018        0x1 ./system/src/newlib/_syscalls.o
 *fill*         0x0000000020000019        0x3 
 .bss.lastTick.5775
                0x000000002000001c        0x4 ./src/main.o
 .bss.lastBlinkTime.5750
                0x0000000020000020        0x4 ./src/main.o
 .bss.hoursBlink
                0x0000000020000024        0x1 ./src/main.o
 .bss.nextState
                0x0000000020000025        0x1 ./src/main.o
 .bss.wakeUpFlag
                0x0000000020000026        0x1 ./src/main.o
 .bss.minutesBlink
                0x0000000020000027        0x1 ./src/main.o
 .bss.blinkTicker.5751
                0x0000000020000028        0x1 ./src/main.o
 .bss.lastKeyEvent
                0x0000000020000029        0x1 ./src/main.o
 .bss.secondsTick
                0x000000002000002a        0x1 ./src/main.o
 *fill*         0x000000002000002b        0x1 
 .bss.lastSleepTime.5759
                0x000000002000002c        0x4 ./src/main.o
 *(COMMON)
 COMMON         0x0000000020000030       0x18 ./src/main.o
                0x0000000020000030                currentDate
                0x0000000020000034                currentTime
 COMMON         0x0000000020000048       0x20 ./src/rtc.o
                0x0000000020000048                hrtc
 COMMON         0x0000000020000068       0x64 ./src/spi.o
                0x0000000020000068                hspi1
 *(.bss_end .bss_end.*)
                0x00000000200000cc                . = ALIGN (0x4)
                0x00000000200000cc                __bss_end__ = .
                0x00000000200000cc                _ebss = .

.noinit_CCMRAM
 *(.noinit.CCMRAM .noinit.CCMRAM.*)

.noinit         0x00000000200000cc        0x0
                0x00000000200000cc                _noinit = .
 *(.noinit .noinit.*)
                0x00000000200000cc                . = ALIGN (0x4)
                0x00000000200000cc                _end_noinit = .
                0x00000000200000cc                PROVIDE (end, _end_noinit)
                0x00000000200000cc                PROVIDE (_end, _end_noinit)
                0x00000000200000cc                PROVIDE (__end, _end_noinit)
                0x00000000200000cc                PROVIDE (__end__, _end_noinit)

._check_stack   0x00000000200000cc      0x100
                0x00000000200001cc                . = (. + _Minimum_Stack_Size)
 *fill*         0x00000000200000cc      0x100 

.b1text
 *(.b1text)
 *(.b1rodata)
 *(.b1rodata.*)

.eb0text
 *(.eb0text)
 *(.eb0rodata)
 *(.eb0rodata.*)

.eb1text
 *(.eb1text)
 *(.eb1rodata)
 *(.eb1rodata.*)

.eb2text
 *(.eb2text)
 *(.eb2rodata)
 *(.eb2rodata.*)

.eb3text
 *(.eb3text)
 *(.eb3rodata)
 *(.eb3rodata.*)

.stab
 *(.stab)

.stabstr
 *(.stabstr)

.stab.excl
 *(.stab.excl)

.stab.exclstr
 *(.stab.exclstr)

.stab.index
 *(.stab.index)

.stab.indexstr
 *(.stab.indexstr)

.comment        0x0000000000000000       0x70
 *(.comment)
 .comment       0x0000000000000000       0x70 ./system/src/stm32f0xx/stm32f0xx_hal.o
                                         0x71 (size before relaxing)
 .comment       0x0000000000000000       0x71 ./system/src/stm32f0xx/stm32f0xx_hal_cortex.o
 .comment       0x0000000000000000       0x71 ./system/src/stm32f0xx/stm32f0xx_hal_gpio.o
 .comment       0x0000000000000000       0x71 ./system/src/stm32f0xx/stm32f0xx_hal_pwr.o
 .comment       0x0000000000000000       0x71 ./system/src/stm32f0xx/stm32f0xx_hal_rcc.o
 .comment       0x0000000000000000       0x71 ./system/src/stm32f0xx/stm32f0xx_hal_rcc_ex.o
 .comment       0x0000000000000000       0x71 ./system/src/stm32f0xx/stm32f0xx_hal_rtc.o
 .comment       0x0000000000000000       0x71 ./system/src/stm32f0xx/stm32f0xx_hal_spi.o
 .comment       0x0000000000000000       0x71 ./system/src/newlib/_exit.o
 .comment       0x0000000000000000       0x71 ./system/src/newlib/_startup.o
 .comment       0x0000000000000000       0x71 ./system/src/newlib/_syscalls.o
 .comment       0x0000000000000000       0x71 ./system/src/cortexm/_initialize_hardware.o
 .comment       0x0000000000000000       0x71 ./system/src/cortexm/_reset_hardware.o
 .comment       0x0000000000000000       0x71 ./system/src/cortexm/exception_handlers.o
 .comment       0x0000000000000000       0x71 ./system/src/cmsis/system_stm32f0xx.o
 .comment       0x0000000000000000       0x71 ./src/gpio.o
 .comment       0x0000000000000000       0x71 ./src/main.o
 .comment       0x0000000000000000       0x71 ./src/rtc.o
 .comment       0x0000000000000000       0x71 ./src/spi.o
 .comment       0x0000000000000000       0x71 ./src/stm32f0xx_hal_msp.o
 .comment       0x0000000000000000       0x71 ./src/stm32f0xx_it.o

.ARM.attributes
                0x0000000000000000       0x2f
 .ARM.attributes
                0x0000000000000000       0x31 ./system/src/stm32f0xx/stm32f0xx_hal.o
 .ARM.attributes
                0x0000000000000031       0x31 ./system/src/stm32f0xx/stm32f0xx_hal_cortex.o
 .ARM.attributes
                0x0000000000000062       0x31 ./system/src/stm32f0xx/stm32f0xx_hal_gpio.o
 .ARM.attributes
                0x0000000000000093       0x31 ./system/src/stm32f0xx/stm32f0xx_hal_pwr.o
 .ARM.attributes
                0x00000000000000c4       0x31 ./system/src/stm32f0xx/stm32f0xx_hal_rcc.o
 .ARM.attributes
                0x00000000000000f5       0x31 ./system/src/stm32f0xx/stm32f0xx_hal_rcc_ex.o
 .ARM.attributes
                0x0000000000000126       0x31 ./system/src/stm32f0xx/stm32f0xx_hal_rtc.o
 .ARM.attributes
                0x0000000000000157       0x31 ./system/src/stm32f0xx/stm32f0xx_hal_spi.o
 .ARM.attributes
                0x0000000000000188       0x31 ./system/src/newlib/_exit.o
 .ARM.attributes
                0x00000000000001b9       0x31 ./system/src/newlib/_startup.o
 .ARM.attributes
                0x00000000000001ea       0x31 ./system/src/newlib/_syscalls.o
 .ARM.attributes
                0x000000000000021b       0x31 ./system/src/cortexm/_initialize_hardware.o
 .ARM.attributes
                0x000000000000024c       0x31 ./system/src/cortexm/_reset_hardware.o
 .ARM.attributes
                0x000000000000027d       0x31 ./system/src/cortexm/exception_handlers.o
 .ARM.attributes
                0x00000000000002ae       0x21 ./system/src/cmsis/startup_stm32f030x6.o
 .ARM.attributes
                0x00000000000002cf       0x31 ./system/src/cmsis/system_stm32f0xx.o
 .ARM.attributes
                0x0000000000000300       0x31 ./src/gpio.o
 .ARM.attributes
                0x0000000000000331       0x31 ./src/main.o
 .ARM.attributes
                0x0000000000000362       0x31 ./src/rtc.o
 .ARM.attributes
                0x0000000000000393       0x31 ./src/spi.o
 .ARM.attributes
                0x00000000000003c4       0x31 ./src/stm32f0xx_hal_msp.o
 .ARM.attributes
                0x00000000000003f5       0x31 ./src/stm32f0xx_it.o
 .ARM.attributes
                0x0000000000000426       0x1e /usr/bin/../lib/gcc/arm-none-eabi/4.9.3/armv6-m/libgcc.a(_udivsi3.o)
 .ARM.attributes
                0x0000000000000444       0x1e /usr/bin/../lib/gcc/arm-none-eabi/4.9.3/armv6-m/libgcc.a(_dvmd_tls.o)
 .ARM.attributes
                0x0000000000000462       0x2c /usr/bin/../lib/gcc/arm-none-eabi/4.9.3/../../../../arm-none-eabi/lib/armv6-m/libg_nano.a(lib_a-memcpy.o)

.debug
 *(.debug)

.line
 *(.line)

.debug_srcinfo
 *(.debug_srcinfo)

.debug_sfnames
 *(.debug_sfnames)

.debug_aranges  0x0000000000000000      0x7a0
 *(.debug_aranges)
 .debug_aranges
                0x0000000000000000       0xa0 ./system/src/stm32f0xx/stm32f0xx_hal.o
 .debug_aranges
                0x00000000000000a0       0x78 ./system/src/stm32f0xx/stm32f0xx_hal_cortex.o
 .debug_aranges
                0x0000000000000118       0x58 ./system/src/stm32f0xx/stm32f0xx_hal_gpio.o
 .debug_aranges
                0x0000000000000170       0x78 ./system/src/stm32f0xx/stm32f0xx_hal_pwr.o
 .debug_aranges
                0x00000000000001e8       0x80 ./system/src/stm32f0xx/stm32f0xx_hal_rcc.o
 .debug_aranges
                0x0000000000000268       0x30 ./system/src/stm32f0xx/stm32f0xx_hal_rcc_ex.o
 .debug_aranges
                0x0000000000000298       0xb8 ./system/src/stm32f0xx/stm32f0xx_hal_rtc.o
 .debug_aranges
                0x0000000000000350      0x1c8 ./system/src/stm32f0xx/stm32f0xx_hal_spi.o
 .debug_aranges
                0x0000000000000518       0x28 ./system/src/newlib/_exit.o
 .debug_aranges
                0x0000000000000540       0x40 ./system/src/newlib/_startup.o
 .debug_aranges
                0x0000000000000580       0x30 ./system/src/newlib/_syscalls.o
 .debug_aranges
                0x00000000000005b0       0x28 ./system/src/cortexm/_initialize_hardware.o
 .debug_aranges
                0x00000000000005d8       0x20 ./system/src/cortexm/_reset_hardware.o
 .debug_aranges
                0x00000000000005f8       0x50 ./system/src/cortexm/exception_handlers.o
 .debug_aranges
                0x0000000000000648       0x28 ./system/src/cmsis/startup_stm32f030x6.o
 .debug_aranges
                0x0000000000000670       0x28 ./system/src/cmsis/system_stm32f0xx.o
 .debug_aranges
                0x0000000000000698       0x20 ./src/gpio.o
 .debug_aranges
                0x00000000000006b8       0x40 ./src/main.o
 .debug_aranges
                0x00000000000006f8       0x30 ./src/rtc.o
 .debug_aranges
                0x0000000000000728       0x30 ./src/spi.o
 .debug_aranges
                0x0000000000000758       0x20 ./src/stm32f0xx_hal_msp.o
 .debug_aranges
                0x0000000000000778       0x28 ./src/stm32f0xx_it.o

.debug_pubnames
 *(.debug_pubnames)

.debug_info     0x0000000000000000     0x83d8
 *(.debug_info .gnu.linkonce.wi.*)
 .debug_info    0x0000000000000000      0x58a ./system/src/stm32f0xx/stm32f0xx_hal.o
 .debug_info    0x000000000000058a      0x768 ./system/src/stm32f0xx/stm32f0xx_hal_cortex.o
 .debug_info    0x0000000000000cf2      0x5c7 ./system/src/stm32f0xx/stm32f0xx_hal_gpio.o
 .debug_info    0x00000000000012b9      0x44b ./system/src/stm32f0xx/stm32f0xx_hal_pwr.o
 .debug_info    0x0000000000001704      0x9b7 ./system/src/stm32f0xx/stm32f0xx_hal_rcc.o
 .debug_info    0x00000000000020bb      0x360 ./system/src/stm32f0xx/stm32f0xx_hal_rcc_ex.o
 .debug_info    0x000000000000241b      0xc6d ./system/src/stm32f0xx/stm32f0xx_hal_rtc.o
 .debug_info    0x0000000000003088     0x1c09 ./system/src/stm32f0xx/stm32f0xx_hal_spi.o
 .debug_info    0x0000000000004c91      0x100 ./system/src/newlib/_exit.o
 .debug_info    0x0000000000004d91      0x410 ./system/src/newlib/_startup.o
 .debug_info    0x00000000000051a1      0x1b8 ./system/src/newlib/_syscalls.o
 .debug_info    0x0000000000005359       0xbf ./system/src/cortexm/_initialize_hardware.o
 .debug_info    0x0000000000005418      0x195 ./system/src/cortexm/_reset_hardware.o
 .debug_info    0x00000000000055ad      0x1a7 ./system/src/cortexm/exception_handlers.o
 .debug_info    0x0000000000005754       0x75 ./system/src/cmsis/startup_stm32f030x6.o
 .debug_info    0x00000000000057c9      0x1f8 ./system/src/cmsis/system_stm32f0xx.o
 .debug_info    0x00000000000059c1      0x4e0 ./src/gpio.o
 .debug_info    0x0000000000005ea1     0x13ea ./src/main.o
 .debug_info    0x000000000000728b      0x5f8 ./src/rtc.o
 .debug_info    0x0000000000007883      0x7ea ./src/spi.o
 .debug_info    0x000000000000806d      0x275 ./src/stm32f0xx_hal_msp.o
 .debug_info    0x00000000000082e2       0xf6 ./src/stm32f0xx_it.o

.debug_abbrev   0x0000000000000000     0x1fff
 *(.debug_abbrev)
 .debug_abbrev  0x0000000000000000      0x205 ./system/src/stm32f0xx/stm32f0xx_hal.o
 .debug_abbrev  0x0000000000000205      0x239 ./system/src/stm32f0xx/stm32f0xx_hal_cortex.o
 .debug_abbrev  0x000000000000043e      0x1dc ./system/src/stm32f0xx/stm32f0xx_hal_gpio.o
 .debug_abbrev  0x000000000000061a      0x14d ./system/src/stm32f0xx/stm32f0xx_hal_pwr.o
 .debug_abbrev  0x0000000000000767      0x25b ./system/src/stm32f0xx/stm32f0xx_hal_rcc.o
 .debug_abbrev  0x00000000000009c2      0x171 ./system/src/stm32f0xx/stm32f0xx_hal_rcc_ex.o
 .debug_abbrev  0x0000000000000b33      0x1a8 ./system/src/stm32f0xx/stm32f0xx_hal_rtc.o
 .debug_abbrev  0x0000000000000cdb      0x333 ./system/src/stm32f0xx/stm32f0xx_hal_spi.o
 .debug_abbrev  0x000000000000100e       0xb8 ./system/src/newlib/_exit.o
 .debug_abbrev  0x00000000000010c6      0x1db ./system/src/newlib/_startup.o
 .debug_abbrev  0x00000000000012a1       0xeb ./system/src/newlib/_syscalls.o
 .debug_abbrev  0x000000000000138c       0x60 ./system/src/cortexm/_initialize_hardware.o
 .debug_abbrev  0x00000000000013ec       0xd4 ./system/src/cortexm/_reset_hardware.o
 .debug_abbrev  0x00000000000014c0       0xc4 ./system/src/cortexm/exception_handlers.o
 .debug_abbrev  0x0000000000001584       0x12 ./system/src/cmsis/startup_stm32f030x6.o
 .debug_abbrev  0x0000000000001596       0xf0 ./system/src/cmsis/system_stm32f0xx.o
 .debug_abbrev  0x0000000000001686      0x166 ./src/gpio.o
 .debug_abbrev  0x00000000000017ec      0x398 ./src/main.o
 .debug_abbrev  0x0000000000001b84      0x147 ./src/rtc.o
 .debug_abbrev  0x0000000000001ccb      0x19a ./src/spi.o
 .debug_abbrev  0x0000000000001e65       0xed ./src/stm32f0xx_hal_msp.o
 .debug_abbrev  0x0000000000001f52       0xad ./src/stm32f0xx_it.o

.debug_line     0x0000000000000000     0x31d1
 *(.debug_line)
 .debug_line    0x0000000000000000      0x2cd ./system/src/stm32f0xx/stm32f0xx_hal.o
 .debug_line    0x00000000000002cd      0x2ba ./system/src/stm32f0xx/stm32f0xx_hal_cortex.o
 .debug_line    0x0000000000000587      0x2bc ./system/src/stm32f0xx/stm32f0xx_hal_gpio.o
 .debug_line    0x0000000000000843      0x240 ./system/src/stm32f0xx/stm32f0xx_hal_pwr.o
 .debug_line    0x0000000000000a83      0x445 ./system/src/stm32f0xx/stm32f0xx_hal_rcc.o
 .debug_line    0x0000000000000ec8      0x25e ./system/src/stm32f0xx/stm32f0xx_hal_rcc_ex.o
 .debug_line    0x0000000000001126      0x507 ./system/src/stm32f0xx/stm32f0xx_hal_rtc.o
 .debug_line    0x000000000000162d      0xb0e ./system/src/stm32f0xx/stm32f0xx_hal_spi.o
 .debug_line    0x000000000000213b       0xd1 ./system/src/newlib/_exit.o
 .debug_line    0x000000000000220c       0xfe ./system/src/newlib/_startup.o
 .debug_line    0x000000000000230a       0xe3 ./system/src/newlib/_syscalls.o
 .debug_line    0x00000000000023ed       0xa7 ./system/src/cortexm/_initialize_hardware.o
 .debug_line    0x0000000000002494       0xda ./system/src/cortexm/_reset_hardware.o
 .debug_line    0x000000000000256e      0x126 ./system/src/cortexm/exception_handlers.o
 .debug_line    0x0000000000002694       0x8c ./system/src/cmsis/startup_stm32f030x6.o
 .debug_line    0x0000000000002720      0x100 ./system/src/cmsis/system_stm32f0xx.o
 .debug_line    0x0000000000002820      0x168 ./src/gpio.o
 .debug_line    0x0000000000002988      0x300 ./src/main.o
 .debug_line    0x0000000000002c88      0x16c ./src/rtc.o
 .debug_line    0x0000000000002df4      0x1b7 ./src/spi.o
 .debug_line    0x0000000000002fab      0x133 ./src/stm32f0xx_hal_msp.o
 .debug_line    0x00000000000030de       0xf3 ./src/stm32f0xx_it.o

.debug_frame    0x0000000000000000     0x1140
 *(.debug_frame)
 .debug_frame   0x0000000000000000      0x144 ./system/src/stm32f0xx/stm32f0xx_hal.o
 .debug_frame   0x0000000000000144       0xe4 ./system/src/stm32f0xx/stm32f0xx_hal_cortex.o
 .debug_frame   0x0000000000000228       0xc0 ./system/src/stm32f0xx/stm32f0xx_hal_gpio.o
 .debug_frame   0x00000000000002e8       0xd8 ./system/src/stm32f0xx/stm32f0xx_hal_pwr.o
 .debug_frame   0x00000000000003c0      0x13c ./system/src/stm32f0xx/stm32f0xx_hal_rcc.o
 .debug_frame   0x00000000000004fc       0x5c ./system/src/stm32f0xx/stm32f0xx_hal_rcc_ex.o
 .debug_frame   0x0000000000000558      0x218 ./system/src/stm32f0xx/stm32f0xx_hal_rtc.o
 .debug_frame   0x0000000000000770      0x568 ./system/src/stm32f0xx/stm32f0xx_hal_spi.o
 .debug_frame   0x0000000000000cd8       0x40 ./system/src/newlib/_exit.o
 .debug_frame   0x0000000000000d18       0x88 ./system/src/newlib/_startup.o
 .debug_frame   0x0000000000000da0       0x50 ./system/src/newlib/_syscalls.o
 .debug_frame   0x0000000000000df0       0x40 ./system/src/cortexm/_initialize_hardware.o
 .debug_frame   0x0000000000000e30       0x20 ./system/src/cortexm/_reset_hardware.o
 .debug_frame   0x0000000000000e50       0x80 ./system/src/cortexm/exception_handlers.o
 .debug_frame   0x0000000000000ed0       0x3c ./system/src/cmsis/system_stm32f0xx.o
 .debug_frame   0x0000000000000f0c       0x30 ./src/gpio.o
 .debug_frame   0x0000000000000f3c       0xa0 ./src/main.o
 .debug_frame   0x0000000000000fdc       0x4c ./src/rtc.o
 .debug_frame   0x0000000000001028       0x64 ./src/spi.o
 .debug_frame   0x000000000000108c       0x2c ./src/stm32f0xx_hal_msp.o
 .debug_frame   0x00000000000010b8       0x40 ./src/stm32f0xx_it.o
 .debug_frame   0x00000000000010f8       0x20 /usr/bin/../lib/gcc/arm-none-eabi/4.9.3/armv6-m/libgcc.a(_udivsi3.o)
 .debug_frame   0x0000000000001118       0x28 /usr/bin/../lib/gcc/arm-none-eabi/4.9.3/../../../../arm-none-eabi/lib/armv6-m/libg_nano.a(lib_a-memcpy.o)

.debug_str      0x0000000000000000     0x21e2
 *(.debug_str)
 .debug_str     0x0000000000000000      0x545 ./system/src/stm32f0xx/stm32f0xx_hal.o
                                        0x597 (size before relaxing)
 .debug_str     0x0000000000000545      0x1d8 ./system/src/stm32f0xx/stm32f0xx_hal_cortex.o
                                        0x5b7 (size before relaxing)
 .debug_str     0x000000000000071d      0x1b9 ./system/src/stm32f0xx/stm32f0xx_hal_gpio.o
                                        0x412 (size before relaxing)
 .debug_str     0x00000000000008d6      0x19d ./system/src/stm32f0xx/stm32f0xx_hal_pwr.o
                                        0x3cb (size before relaxing)
 .debug_str     0x0000000000000a73      0x2ea ./system/src/stm32f0xx/stm32f0xx_hal_rcc.o
                                        0x617 (size before relaxing)
 .debug_str     0x0000000000000d5d      0x11b ./system/src/stm32f0xx/stm32f0xx_hal_rcc_ex.o
                                        0x3ac (size before relaxing)
 .debug_str     0x0000000000000e78      0x3fe ./system/src/stm32f0xx/stm32f0xx_hal_rtc.o
                                        0x687 (size before relaxing)
 .debug_str     0x0000000000001276      0x806 ./system/src/stm32f0xx/stm32f0xx_hal_spi.o
                                        0xa9b (size before relaxing)
 .debug_str     0x0000000000001a7c       0x45 ./system/src/newlib/_exit.o
                                        0x1d6 (size before relaxing)
 .debug_str     0x0000000000001ac1      0x173 ./system/src/newlib/_startup.o
                                        0x31b (size before relaxing)
 .debug_str     0x0000000000001c34       0x5a ./system/src/newlib/_syscalls.o
                                        0x203 (size before relaxing)
 .debug_str     0x0000000000001c8e       0x4e ./system/src/cortexm/_initialize_hardware.o
                                        0x1fb (size before relaxing)
 .debug_str     0x0000000000001cdc       0x28 ./system/src/cortexm/_reset_hardware.o
                                        0x20e (size before relaxing)
 .debug_str     0x0000000000001d04       0xb0 ./system/src/cortexm/exception_handlers.o
                                        0x250 (size before relaxing)
 .debug_str     0x0000000000001db4       0x46 ./system/src/cmsis/system_stm32f0xx.o
                                        0x264 (size before relaxing)
 .debug_str     0x0000000000001dfa       0x2b ./src/gpio.o
                                        0x455 (size before relaxing)
 .debug_str     0x0000000000001e25      0x35f ./src/main.o
                                        0xf9d (size before relaxing)
 .debug_str     0x0000000000002184        0xd ./src/rtc.o
                                        0x52b (size before relaxing)
 .debug_str     0x0000000000002191        0xd ./src/spi.o
                                        0x6c3 (size before relaxing)
 .debug_str     0x000000000000219e       0x1b ./src/stm32f0xx_hal_msp.o
                                        0x38c (size before relaxing)
 .debug_str     0x00000000000021b9       0x29 ./src/stm32f0xx_it.o
                                        0x20c (size before relaxing)

.debug_loc      0x0000000000000000     0x2f5e
 *(.debug_loc)
 .debug_loc     0x0000000000000000       0x6a ./system/src/stm32f0xx/stm32f0xx_hal.o
 .debug_loc     0x000000000000006a      0x233 ./system/src/stm32f0xx/stm32f0xx_hal_cortex.o
 .debug_loc     0x000000000000029d      0x31e ./system/src/stm32f0xx/stm32f0xx_hal_gpio.o
 .debug_loc     0x00000000000005bb       0xea ./system/src/stm32f0xx/stm32f0xx_hal_pwr.o
 .debug_loc     0x00000000000006a5      0x430 ./system/src/stm32f0xx/stm32f0xx_hal_rcc.o
 .debug_loc     0x0000000000000ad5      0x1ef ./system/src/stm32f0xx/stm32f0xx_hal_rcc_ex.o
 .debug_loc     0x0000000000000cc4      0x8cf ./system/src/stm32f0xx/stm32f0xx_hal_rtc.o
 .debug_loc     0x0000000000001593     0x1496 ./system/src/stm32f0xx/stm32f0xx_hal_spi.o
 .debug_loc     0x0000000000002a29       0x21 ./system/src/newlib/_exit.o
 .debug_loc     0x0000000000002a4a      0x236 ./system/src/newlib/_startup.o
 .debug_loc     0x0000000000002c80       0x63 ./system/src/newlib/_syscalls.o
 .debug_loc     0x0000000000002ce3      0x126 ./system/src/cmsis/system_stm32f0xx.o
 .debug_loc     0x0000000000002e09      0x113 ./src/main.o
 .debug_loc     0x0000000000002f1c       0x42 ./src/spi.o

.debug_macinfo
 *(.debug_macinfo)

.debug_weaknames
 *(.debug_weaknames)

.debug_funcnames
 *(.debug_funcnames)

.debug_typenames
 *(.debug_typenames)

.debug_varnames
 *(.debug_varnames)
OUTPUT(clock.elf elf32-littlearm)

.debug_ranges   0x0000000000000000      0x860
 .debug_ranges  0x0000000000000000       0x90 ./system/src/stm32f0xx/stm32f0xx_hal.o
 .debug_ranges  0x0000000000000090       0xe8 ./system/src/stm32f0xx/stm32f0xx_hal_cortex.o
 .debug_ranges  0x0000000000000178       0x60 ./system/src/stm32f0xx/stm32f0xx_hal_gpio.o
 .debug_ranges  0x00000000000001d8       0x68 ./system/src/stm32f0xx/stm32f0xx_hal_pwr.o
 .debug_ranges  0x0000000000000240       0xb0 ./system/src/stm32f0xx/stm32f0xx_hal_rcc.o
 .debug_ranges  0x00000000000002f0       0x40 ./system/src/stm32f0xx/stm32f0xx_hal_rcc_ex.o
 .debug_ranges  0x0000000000000330       0xa8 ./system/src/stm32f0xx/stm32f0xx_hal_rtc.o
 .debug_ranges  0x00000000000003d8      0x200 ./system/src/stm32f0xx/stm32f0xx_hal_spi.o
 .debug_ranges  0x00000000000005d8       0x18 ./system/src/newlib/_exit.o
 .debug_ranges  0x00000000000005f0       0x48 ./system/src/newlib/_startup.o
 .debug_ranges  0x0000000000000638       0x20 ./system/src/newlib/_syscalls.o
 .debug_ranges  0x0000000000000658       0x18 ./system/src/cortexm/_initialize_hardware.o
 .debug_ranges  0x0000000000000670       0x10 ./system/src/cortexm/_reset_hardware.o
 .debug_ranges  0x0000000000000680       0x40 ./system/src/cortexm/exception_handlers.o
 .debug_ranges  0x00000000000006c0       0x20 ./system/src/cmsis/startup_stm32f030x6.o
 .debug_ranges  0x00000000000006e0       0x18 ./system/src/cmsis/system_stm32f0xx.o
 .debug_ranges  0x00000000000006f8       0x70 ./src/gpio.o
 .debug_ranges  0x0000000000000768       0x30 ./src/main.o
 .debug_ranges  0x0000000000000798       0x20 ./src/rtc.o
 .debug_ranges  0x00000000000007b8       0x40 ./src/spi.o
 .debug_ranges  0x00000000000007f8       0x50 ./src/stm32f0xx_hal_msp.o
 .debug_ranges  0x0000000000000848       0x18 ./src/stm32f0xx_it.o
